../Core/Inc/TM1637/TM1637.c:23:9:char2segments	16	static
../Core/Inc/TM1637/TM1637.c:58:6:_GPIO_Init	16	static
../Core/Inc/TM1637/TM1637.c:75:6:TM1637_init	24	static
../Core/Inc/TM1637/TM1637.c:88:5:TM1637_writeByte	24	static
../Core/Inc/TM1637/TM1637.c:131:6:TM1637_bitDelay	8	static
../Core/Inc/TM1637/TM1637.c:136:6:TM1637_start	16	static
../Core/Inc/TM1637/TM1637.c:144:6:TM1637_stop	16	static
../Core/Inc/TM1637/TM1637.c:152:6:TM1637_display	24	static
../Core/Inc/TM1637/TM1637.c:180:6:TM1637_displaySymbol	24	static
../Core/Inc/TM1637/TM1637.c:195:6:TM1637_displayInt	32	static
../Core/Inc/TM1637/TM1637.c:245:6:TM1637_displayFloat	40	static
../Core/Inc/TM1637/TM1637.c:306:6:TM1637_displayTemp	24	static
../Core/Inc/TM1637/TM1637.c:370:6:TM1637_displayTime	24	static
../Core/Inc/TM1637/TM1637.c:384:6:TM1637_displaySpec	24	static
../Core/Inc/TM1637/TM1637.c:408:6:TM1637_clearDisplay	16	static
../Core/Inc/TM1637/TM1637.c:416:6:TM1637_set	16	static
../Core/Inc/TM1637/TM1637.c:426:6:TM1637_point	16	static
../Core/Inc/TM1637/TM1637.c:431:6:TM1637_coding	32	static
../Core/Inc/TM1637/TM1637.c:439:8:TM1637_codingSymbol	24	static
