../Core/Inc/TM1637/TM1637.c:23:9:char2segments	0	static
../Core/Inc/TM1637/TM1637.c:62:6:_GPIO_Init	16	static
../Core/Inc/TM1637/TM1637.c:135:6:TM1637_bitDelay	0	static
../Core/Inc/TM1637/TM1637.c:92:5:TM1637_writeByte	16	static
../Core/Inc/TM1637/TM1637.c:140:6:TM1637_start	8	static
../Core/Inc/TM1637/TM1637.c:148:6:TM1637_stop	8	static
../Core/Inc/TM1637/TM1637.c:420:6:TM1637_set	0	static
../Core/Inc/TM1637/TM1637.c:430:6:TM1637_point	0	static
../Core/Inc/TM1637/TM1637.c:443:8:TM1637_codingSymbol	8	static
../Core/Inc/TM1637/TM1637.c:184:6:TM1637_displaySymbol	16	static
../Core/Inc/TM1637/TM1637.c:412:6:TM1637_clearDisplay	8	static
../Core/Inc/TM1637/TM1637.c:79:6:TM1637_init	8	static
../Core/Inc/TM1637/TM1637.c:435:6:TM1637_coding	16	static
../Core/Inc/TM1637/TM1637.c:156:6:TM1637_display	24	static
../Core/Inc/TM1637/TM1637.c:199:6:TM1637_displayInt	32	static
../Core/Inc/TM1637/TM1637.c:249:6:TM1637_displayFloat	24	static
../Core/Inc/TM1637/TM1637.c:310:6:TM1637_displayTemp	16	static
../Core/Inc/TM1637/TM1637.c:374:6:TM1637_displayTime	16	static
../Core/Inc/TM1637/TM1637.c:388:6:TM1637_displaySpec	24	static
